// Jest Snapshot v1, https://goo.gl/fbAQLP

exports[`ReviewForm Should match default snapshot 1`] = `[Function]`;
